// Jest Snapshot v1, https://goo.gl/fbAQLP

exports[`<ContactInfo /> renders correctly 1`] = `
<View
  accessibilityState={
    {
      "busy": undefined,
      "checked": undefined,
      "disabled": undefined,
      "expanded": undefined,
      "selected": undefined,
    }
  }
  accessibilityValue={
    {
      "max": undefined,
      "min": undefined,
      "now": undefined,
      "text": undefined,
    }
  }
  accessible={true}
  focusable={false}
  onClick={[Function]}
  onResponderGrant={[Function]}
  onResponderMove={[Function]}
  onResponderRelease={[Function]}
  onResponderTerminate={[Function]}
  onResponderTerminationRequest={[Function]}
  onStartShouldSetResponder={[Function]}
  style={
    {
      "alignItems": "center",
      "backgroundColor": "#fff",
      "flexDirection": "row",
      "justifyContent": "space-between",
      "paddingHorizontal": 20,
      "paddingVertical": 15,
    }
  }
>
  <View
    style={
      {
        "alignItems": "center",
        "flexDirection": "row",
        "gap": 20,
      }
    }
  >
    <Text>
      Icon
    </Text>
    <View>
      <Text
        style={
          {
            "color": "#000",
            "fontSize": 16,
          }
        }
      >
        Phone
      </Text>
      <Text
        style={
          {
            "fontSize": 12,
            "marginTop": 2,
          }
        }
      >
        0386-6098000
      </Text>
    </View>
  </View>
  <Text>
    Icon
  </Text>
</View>
`;
