// Jest Snapshot v1, https://goo.gl/fbAQLP

exports[`<ListItem /> renders correctly and renders the contact name 1`] = `
<View
  accessibilityState={
    {
      "busy": undefined,
      "checked": undefined,
      "disabled": undefined,
      "expanded": undefined,
      "selected": undefined,
    }
  }
  accessibilityValue={
    {
      "max": undefined,
      "min": undefined,
      "now": undefined,
      "text": undefined,
    }
  }
  accessible={true}
  focusable={true}
  onClick={[Function]}
  onResponderGrant={[Function]}
  onResponderMove={[Function]}
  onResponderRelease={[Function]}
  onResponderTerminate={[Function]}
  onResponderTerminationRequest={[Function]}
  onStartShouldSetResponder={[Function]}
  style={
    {
      "alignItems": "center",
      "flexDirection": "row",
      "justifyContent": "space-between",
      "paddingHorizontal": 20,
      "paddingVertical": 10,
    }
  }
>
  <View
    style={
      {
        "alignItems": "center",
        "flexDirection": "row",
      }
    }
  >
    <Image
      source={
        {
          "uri": "https://robohash.org/hicveldicta.png",
        }
      }
      style={
        {
          "borderRadius": 20,
          "height": 40,
          "width": 40,
        }
      }
      testID="contact-list-image"
    />
    <Text
      style={
        {
          "color": "#000",
          "paddingLeft": 10,
        }
      }
    >
      Terry Medhurst
    </Text>
  </View>
  Icon
</View>
`;
