// Jest Snapshot v1, https://goo.gl/fbAQLP

exports[`<Section /> renders correctly 1`] = `
<View
  style={
    {
      "borderBottomColor": "#eee",
      "borderBottomWidth": 1,
    }
  }
  testID="contact-section"
/>
`;
